// Jest Snapshot v1, https://goo.gl/fbAQLP

exports[`itersExceededError should match snapshot 1`] = `[RangeError: max iterations exceeded]`;
